SELECT
	Name
FROM
	tableA,
	tableB
WHERE
	Id = 3
;