CREATE DATABASE [AutoFillSqlIndexTableNameIfMissing];

CREATE TABLE [AutoFillSqlIndexTableNameIfMissing].[dbo].[Employee]
(
	Id  NOT NULL IDENTITY(1, 1),
	Full_Name  not null default 'n/a',
	Salary  not null,
	CONSTRAINT [fkey1] FOREIGN KEY ([Id]) REFERENCES [Card]([Id])
);

ALTER TABLE [AutoFillSqlIndexTableNameIfMissing].[dbo].[Employee] ADD CONSTRAINT [AutoFillSqlIndexTableNameIfMissing_Employee_pk] PRIMARY KEY (Id ASC);
CREATE INDEX [autofillsqlindextablenameifmissing_employee_idx1] ON [AutoFillSqlIndexTableNameIfMissing].[dbo].[Employee] (Id ASC);
