<Table xmlns:xsi="http://www.w3.org/2001/XMLSchema-instance" xmlns:xsd="http://www.w3.org/2001/XMLSchema" name="Child">
  <column name="Id">
    <dataType>int</dataType>
  </column>
  <column name="Name">
    <dataType>varchar</dataType>
  </column>
  <column name="ParentId">
    <dataType>int</dataType>
  </column>
  <foreignKey localColumn="ParentId" foreignTable="Parent" foreignColumn="dln" onUpdate="restrict" />
</Table>