<Table xmlns:xsi="http://www.w3.org/2001/XMLSchema-instance" xmlns:xsd="http://www.w3.org/2001/XMLSchema" name="ReadonlyValue">
  <column name="Value">
    <dataType>varchar</dataType>
  </column>
</Table>