<Table xmlns:xsi="http://www.w3.org/2001/XMLSchema-instance" xmlns:xsd="http://www.w3.org/2001/XMLSchema" name="ComplexType">
  <column name="Id">
    <dataType>int</dataType>
  </column>
  <column name="Name">
    <dataType>varchar</dataType>
  </column>
  <column name="Value">
    <dataType>varchar</dataType>
  </column>
</Table>