<?xml version="1.0"?>
<schema xmlns:xsi="http://www.w3.org/2001/XMLSchema-instance" xmlns:xsd="http://www.w3.org/2001/XMLSchema" name="daterpillar" xmlns="http://api.gigobyte.com/schema/v1/xddl.xsd">
  <table name="album">
    <comment />
    <column name="Artist_Id" nullable="false" autoIncrement="false">
      <comment />
      <dataType scale="10" precision="0">int</dataType>
    </column>
    <column name="Name" nullable="false" autoIncrement="false">
      <comment />
      <dataType scale="64" precision="0">varchar</dataType>
    </column>
    <column name="Release_Date" nullable="true" autoIncrement="false">
      <comment />
      <dataType scale="0" precision="0">date</dataType>
    </column>
    <foreignKey name="album_ibfk_1" localColumn="Artist_Id" foreignTable="artist" foreignColumn="Id">
      <onUpdate>CASCADE</onUpdate>
      <onDelete>CASCADE</onDelete>
    </foreignKey>
    <index type="primaryKey" unique="false" name="PRIMARY">
      <columnName order="ASC">Artist_Id</columnName>
      <columnName order="ASC">Name</columnName>
    </index>
  </table>
  <table name="artist">
    <comment />
    <column name="Id" nullable="false" autoIncrement="true">
      <comment />
      <dataType scale="10" precision="0">int</dataType>
    </column>
    <column name="Name" nullable="false" autoIncrement="false">
      <comment />
      <dataType scale="64" precision="0">varchar</dataType>
    </column>
    <column name="Bio" nullable="true" autoIncrement="false">
      <comment />
      <dataType scale="65535" precision="0">text</dataType>
    </column>
    <index type="index" unique="true" name="artist_idx1">
      <columnName order="ASC">Name</columnName>
    </index>
  </table>
  <table name="genre">
    <comment />
    <column name="Id" nullable="false" autoIncrement="true">
      <comment />
      <dataType scale="10" precision="0">int</dataType>
    </column>
    <column name="Name" nullable="false" autoIncrement="false">
      <comment />
      <dataType scale="64" precision="0">varchar</dataType>
    </column>
  </table>
  <table name="song">
    <comment />
    <column name="Id" nullable="false" autoIncrement="true">
      <comment />
      <dataType scale="10" precision="0">int</dataType>
    </column>
    <column name="Album_Id" nullable="false" autoIncrement="false">
      <comment />
      <dataType scale="10" precision="0">int</dataType>
    </column>
    <column name="Artist_Id" nullable="false" autoIncrement="false">
      <comment />
      <dataType scale="10" precision="0">int</dataType>
    </column>
    <column name="Genre_Id" nullable="false" autoIncrement="false">
      <comment />
      <dataType scale="10" precision="0">int</dataType>
    </column>
    <column name="Name" nullable="false" autoIncrement="false">
      <comment />
      <dataType scale="256" precision="0">varchar</dataType>
    </column>
    <column name="Length" nullable="true" autoIncrement="false">
      <comment />
      <dataType scale="4" precision="2">decimal</dataType>
    </column>
    <column name="Price" nullable="false" autoIncrement="false">
      <comment />
      <dataType scale="12" precision="2">decimal</dataType>
    </column>
    <column name="On_Device" nullable="false" autoIncrement="false">
      <comment />
      <dataType scale="3" precision="0">bool</dataType>
      <modifier>0</modifier>
    </column>
    <foreignKey name="song_ibfk_1" localColumn="Genre_Id" foreignTable="genre" foreignColumn="Id">
      <onUpdate>CASCADE</onUpdate>
      <onDelete>CASCADE</onDelete>
    </foreignKey>
    <foreignKey name="song_ibfk_2" localColumn="Artist_Id" foreignTable="artist" foreignColumn="Id">
      <onUpdate>CASCADE</onUpdate>
      <onDelete>CASCADE</onDelete>
    </foreignKey>
    <index type="index" unique="false" name="Artist_Id">
      <columnName order="ASC">Artist_Id</columnName>
    </index>
    <index type="index" unique="false" name="Genre_Id">
      <columnName order="ASC">Genre_Id</columnName>
    </index>
    <index type="index" unique="false" name="song_idx">
      <columnName order="ASC">Name</columnName>
    </index>
  </table>
</schema>