INSERT INTO [table_with_no_constraints] ([Name], [Sex], [body], [Created_On], [amount], [Rate], [Day]) VALUES
('foo', 'm', null, '2000-01-01 00:00:00', '123', '123.45', '5'),
('key', 'm', null, '2000-01-01 01:01:01', '10', '12', '3'),
('ratt', 'f', 'me a foo cat dog''s paw', '2010-01-01 09:05:04', '521', '123.9', '4');