SELECT [Id], [Name] FROM [tableA], [tableB] WHERE Id = 22 GROUP BY [Name], [Age] ORDER BY [Name], [Age];