<schema xmlns="http://static.acklann.com/schema/v2/daterpillar.xsd">
  <table name="user">
    <column name="Id" nullable="false" autoIncrement="true">
      <dataType scale="0" precision="0">int</dataType>
    </column>
    <column name="Username" nullable="false" autoIncrement="false">
      <dataType scale="64" precision="0">varchar</dataType>
    </column>
    <column name="PasswordHash" nullable="false" autoIncrement="false">
      <dataType scale="0" precision="0">text</dataType>
    </column>
    <column name="Email" nullable="false" autoIncrement="false">
      <dataType scale="128" precision="0">varchar</dataType>
    </column>
  </table>
  <table name="book">
    <column name="Id" nullable="false" autoIncrement="true">
      <dataType scale="0" precision="0">int</dataType>
    </column>
    <column name="Title" nullable="false" autoIncrement="false">
      <dataType scale="256" precision="0">varchar</dataType>
    </column>
    <column name="Price" nullable="false" autoIncrement="false">
      <dataType scale="10" precision="2">decimal</dataType>
    </column>
  </table>
  <table name="policy">
    <column name="Id" nullable="false" autoIncrement="true">
      <dataType scale="0" precision="0">int</dataType>
    </column>
    <column name="Name" nullable="false" autoIncrement="false">
      <dataType scale="32" precision="0">varchar</dataType>
    </column>
  </table>
  <table name="author">
    <column name="Id" nullable="false" autoIncrement="true">
      <dataType scale="0" precision="0">int</dataType>
    </column>
    <column name="Name" nullable="false" autoIncrement="false">
      <dataType scale="64" precision="0">varchar</dataType>
    </column>
    <column name="User_Id" nullable="false" autoIncrement="false">
      <dataType scale="0" precision="0">int</dataType>
    </column>
    <foreignKey localColumn="Id" foreignTable="user" foreignColumn="User_Id" onUpdate="NO ACTION" onDelete="NO ACTION" />
  </table>
  <script syntax="Generic">
  INSERT INTO policy (Name) VALUES
  ('guest'), ('admin');
  </script>
</schema>