DROP INDEX `attribute_Name` ON `attribute`;
ALTER TABLE `card` DROP FOREIGN KEY `card_Monster_Type_Id_TO_monster_type_Id`;
ALTER TABLE `card` ADD FOREIGN KEY `card_Monster_Type_Id_TO_monster_type_Id` (`Monster_Type_Id`) REFERENCES `monster_type` (`Id`) ON UPDATE NO ACTION ON DELETE NO ACTION;
CREATE INDEX `card_Level` ON `card` (`Level` ASC);
ALTER TABLE `pack` DROP COLUMN `Size`;
ALTER TABLE `pack` ADD `Product_Type_Id` INT NOT NULL;
ALTER TABLE `pack` ADD FOREIGN KEY `pack_Product_Type_Id_TO_pack_Id` (`Product_Type_Id`) REFERENCES `pack` (`Id`) ON UPDATE NO ACTION ON DELETE NO ACTION;
DROP TABLE IF EXISTS `effect`;
CREATE TABLE IF NOT EXISTS `product_type`
(
	`Id` INT NOT NULL PRIMARY KEY AUTO_INCREMENT,
	`Name` VARCHAR(32) NOT NULL
);

CREATE INDEX `product_type_Name` ON `product_type` (`Name` ASC);

