
CREATE TABLE [Transform_should_generate_a_mssql_schema_when_all_template_settings_are_disabled].[dbo].[Employee]
(
	[Id] int NOT NULL PRIMARY KEY IDENTITY(1, 1),
	[Full_Name] int not null default 'n/a',
	[Salary] int not null,
	CONSTRAINT [fkey1] FOREIGN KEY ([Id]) REFERENCES [Card]([Id]) ON UPDATE SET NULL ON DELETE CASCADE
);

ALTER TABLE [Transform_should_generate_a_mssql_schema_when_all_template_settings_are_disabled].[dbo].[Employee] ADD CONSTRAINT [Transform_should_generate_a_mssql_schema_when_all_template_settings_are_disabled_Employee_pk] PRIMARY KEY ([Id] ASC);
CREATE UNIQUE INDEX [employee_idx] ON [Transform_should_generate_a_mssql_schema_when_all_template_settings_are_disabled].[dbo].[Employee] ([Full_Name] DESC);
CREATE TABLE [Transform_should_generate_a_mssql_schema_when_all_template_settings_are_disabled].[dbo].[Manager]
(
	[Id] int NOT NULL PRIMARY KEY IDENTITY(1, 1),
	[Full_Name] int not null default 'n/a',
	[Salary] int not null,
	CONSTRAINT [fkey1] FOREIGN KEY ([Id]) REFERENCES [Card]([Id]) ON UPDATE SET NULL ON DELETE CASCADE
);

ALTER TABLE [Transform_should_generate_a_mssql_schema_when_all_template_settings_are_disabled].[dbo].[Manager] ADD CONSTRAINT [Transform_should_generate_a_mssql_schema_when_all_template_settings_are_disabled_Manager_pk] PRIMARY KEY ([Id] ASC);
CREATE UNIQUE INDEX [manager_idx] ON [Transform_should_generate_a_mssql_schema_when_all_template_settings_are_disabled].[dbo].[Manager] ([Full_Name] DESC);
