BEGIN TRY
DROP DATABASE [Transform_should_generate_a_mssql_schema_when_all_template_settings_are_enabled];
END TRY
BEGIN CATCH
END CATCH;

CREATE DATABASE [Transform_should_generate_a_mssql_schema_when_all_template_settings_are_enabled];
USE [Transform_should_generate_a_mssql_schema_when_all_template_settings_are_enabled];

-- ------------------------------------
-- CREATE EMPLOYEE TABLE
-- ------------------------------------
CREATE TABLE [Transform_should_generate_a_mssql_schema_when_all_template_settings_are_enabled].[dbo].[Employee]
(
	[Id] int NOT NULL  PRIMARY KEY IDENTITY(1, 1),
	[Full_Name] int NOT NULL default 'n/a',
	[Salary] int NOT NULL ,
	CONSTRAINT [fkey1] FOREIGN KEY ([Id]) REFERENCES [Card]([Id]) ON UPDATE SET NULL ON DELETE CASCADE
);

ALTER TABLE [Transform_should_generate_a_mssql_schema_when_all_template_settings_are_enabled].[dbo].[Employee] ADD CONSTRAINT [Transform_should_generate_a_mssql_schema_when_all_template_settings_are_enabled_Employee_pk] PRIMARY KEY ([Id] ASC);
CREATE UNIQUE INDEX [employee_idx] ON [Transform_should_generate_a_mssql_schema_when_all_template_settings_are_enabled].[dbo].[Employee] ([Full_Name] DESC);
-- ------------------------------------
-- CREATE MANAGER TABLE
-- ------------------------------------
CREATE TABLE [Transform_should_generate_a_mssql_schema_when_all_template_settings_are_enabled].[dbo].[Manager]
(
	[Id] int NOT NULL  PRIMARY KEY IDENTITY(1, 1),
	[Full_Name] int NOT NULL default 'n/a',
	[Salary] int NOT NULL ,
	CONSTRAINT [fkey1] FOREIGN KEY ([Id]) REFERENCES [Card]([Id]) ON UPDATE SET NULL ON DELETE CASCADE
);

ALTER TABLE [Transform_should_generate_a_mssql_schema_when_all_template_settings_are_enabled].[dbo].[Manager] ADD CONSTRAINT [Transform_should_generate_a_mssql_schema_when_all_template_settings_are_enabled_Manager_pk] PRIMARY KEY ([Id] ASC);
CREATE UNIQUE INDEX [manager_idx] ON [Transform_should_generate_a_mssql_schema_when_all_template_settings_are_enabled].[dbo].[Manager] ([Full_Name] DESC);

-- Script Goes Here
