SELECT
	[Id],
	[Name]
FROM
	[tableA],
	[tableB]
GROUP BY
	[Name]
ORDER BY
	[Age]
LIMIT 100
;