SELECT * FROM tableA, tableB WHERE Id = 101 GROUP BY Name ORDER BY Age LIMIT 100;