public class Table1
{
	public string Id { get; set; }

	public string Name { get; set; }

	public string DateCreated { get; set; }
}

public class Table2
{
	public string Id { get; set; }

	public string Name { get; set; }
}

public class Table3
{
	public string Ref1 { get; set; }

	public string Ref2 { get; set; }
}

