IF DB_ID('daterpillar1') IS NOT NULL DROP DATABASE [daterpillar1];
GO
