IF NOT EXISTS(SELECT * FROM [sys].[indexes] WHERE [object_id]=OBJECT_ID('tbl1') AND [name]='idx1') CREATE INDEX [idx1] ON [tbl1] ([Col1] ASC);
IF NOT EXISTS(SELECT * FROM [sys].[indexes] WHERE [object_id]=OBJECT_ID('tbl1') AND [name]='idx2') CREATE INDEX [idx2] ON [tbl1] ([Col2] ASC, [Col3] ASC);
IF NOT EXISTS(SELECT * FROM [sys].[indexes] WHERE [object_id]=OBJECT_ID('tbl1') AND [name]='idx3') CREATE UNIQUE INDEX [idx3] ON [tbl1] ([Col4] DESC);
