ALTER TABLE `tbl1` COMMENT 'The comment was changed.';
