ALTER TABLE `tbl2` DROP FOREIGN KEY `tbl2_categoryid_to_tbl1_id_fx1`;
DROP INDEX `cat_idx` ON `tbl2`;
ALTER TABLE `tbl2` DROP COLUMN `CategoryId`;
