CREATE INDEX `idx1` ON `tbl1` (`Col1` ASC);
CREATE INDEX `idx2` ON `tbl1` (`Col2` ASC, `Col3` ASC);
CREATE UNIQUE INDEX `idx3` ON `tbl1` (`Col4` DESC);
