CREATE INDEX IF NOT EXISTS [idx1] ON [tbl1] ([Col1] ASC);
CREATE INDEX IF NOT EXISTS [idx2] ON [tbl1] ([Col2] ASC, [Col3] ASC);
CREATE UNIQUE INDEX IF NOT EXISTS [idx3] ON [tbl1] ([Col4] DESC);
